// Jest Snapshot v1, https://goo.gl/fbAQLP

exports[`ValidationErrorMessage renders correctly 1`] = `<div />`;
