// Jest Snapshot v1, https://goo.gl/fbAQLP

exports[`ErrorBoundary render() 1`] = `"Test"`;
