// Jest Snapshot v1, https://goo.gl/fbAQLP

exports[`ModalHeader renders correctly 1`] = `
<div>
  <header
    class="modalHeader"
  >
    children
  </header>
</div>
`;
