// Jest Snapshot v1, https://goo.gl/fbAQLP

exports[`withToggle renders correctly 1`] = `
<div>
  <div
    data-testid="with-toggle-component"
  >
    <div>
      false
    </div>
    <button>
      Toggle
    </button>
  </div>
</div>
`;
