// Jest Snapshot v1, https://goo.gl/fbAQLP

exports[`Container render() 1`] = `
<div
  className="container"
>
  <div>
    child
  </div>
</div>
`;
