// Jest Snapshot v1, https://goo.gl/fbAQLP

exports[`FormItem renders correctly 1`] = `
<div>
  <div
    class="form-item"
  >
    children
  </div>
</div>
`;
