// Jest Snapshot v1, https://goo.gl/fbAQLP

exports[`Drawer renders correctly 1`] = `
<div>
  <div
    data-testid="drawers"
    id="drawers"
  >
    <div
      class="drawer"
      id="TestDrawer"
      role="complementary"
    >
      <div
        class="drawer-content"
      >
        <div
          data-testid="drawer"
        >
          TestDrawer
        </div>
      </div>
    </div>
  </div>
  <button
    class="button button__primary-lg "
    data-centered="false"
    data-disabled="false"
    type="button"
  >
    Open TestDrawer
  </button>
  <button
    class="button button__primary-lg "
    data-centered="false"
    data-disabled="false"
    type="button"
  >
    Close TestDrawer
  </button>
</div>
`;
