// Jest Snapshot v1, https://goo.gl/fbAQLP

exports[`ModalFooter renders correctly 1`] = `
<div>
  <footer
    class="modalFooter"
  >
    children
  </footer>
</div>
`;
