// Jest Snapshot v1, https://goo.gl/fbAQLP

exports[`HomeDrawer renders correctly 1`] = `
<div>
  <div
    id="drawers"
  />
</div>
`;
