// Jest Snapshot v1, https://goo.gl/fbAQLP

exports[`Form renders correctly 1`] = `
<div>
  <form>
    <div
      class="input"
    >
      <label
        data-required="true"
        for="email"
      >
        Email
      </label>
      <input
        id="email"
        name="email"
        type="email"
        value=""
      />
    </div>
    <button
      class="button button__secondary-md "
      data-centered="true"
      data-disabled="false"
      type="submit"
    >
      Submit
    </button>
  </form>
</div>
`;
