// Jest Snapshot v1, https://goo.gl/fbAQLP

exports[`Header renders correctly 1`] = `
<div>
  <div
    class="header"
  >
    <div
      class="fallback"
      style="height: 10rem;"
    />
  </div>
</div>
`;
