// Jest Snapshot v1, https://goo.gl/fbAQLP

exports[`Button renders correctly 1`] = `
<div>
  <button
    class="button button__primary-lg "
    data-centered="false"
    data-disabled="false"
    tabindex="0"
    type="button"
  >
    children
  </button>
</div>
`;
