// Jest Snapshot v1, https://goo.gl/fbAQLP

exports[`Modals renders correctly 1`] = `
<div>
  <div
    id="modals"
  />
</div>
`;
