// Jest Snapshot v1, https://goo.gl/fbAQLP

exports[`Page render() 1`] = `
<div
  className="page"
  style={
    Object {
      "paddingTop": "nullpx",
    }
  }
>
  <div
    className="container"
  >
    <div>
      Hello World
    </div>
  </div>
</div>
`;
