// Jest Snapshot v1, https://goo.gl/fbAQLP

exports[`Dropdown renders correctly 1`] = `
<div>
  <ul
    class="dropdown"
  >
    <li>
      Test
    </li>
  </ul>
</div>
`;
